[    0.000000] Initializing cgroup subsys cpuset
[    0.000000] Initializing cgroup subsys cpu
[    0.000000] Initializing cgroup subsys cpuacct
[    0.000000] Linux version 4.4.0-154-generic (buildd@lgw01-amd64-049) (gcc version 5.4.0 20160609 (Ubuntu 5.4.0-6ubuntu1~16.04.10) ) #181-Ubuntu SMP Tue Jun 25 05:29:03 UTC 2019 (Ubuntu 4.4.0-154.181-generic 4.4.179)
[    0.000000] Command line: BOOT_IMAGE=/boot/vmlinuz-4.4.0-154-generic root=LABEL=cloudimg-rootfs ro console=tty1 console=ttyS0
[    0.000000] KERNEL supported cpus:
[    0.000000]   Intel GenuineIntel
[    0.000000]   AMD AuthenticAMD
[    0.000000]   Centaur CentaurHauls
[    0.000000] x86/fpu: Legacy x87 FPU detected.
[    0.000000] e820: BIOS-provided physical RAM map:
[    0.000000] BIOS-e820: [mem 0x0000000000000000-0x000000000009fbff] usable
[    0.000000] BIOS-e820: [mem 0x000000000009fc00-0x000000000009ffff] reserved
[    0.000000] BIOS-e820: [mem 0x00000000000f0000-0000000000fffff] reserved
[    0.000000] BIOS-e820: [mem 0x0000000000100000-0x000000003ffeffff] usable
[    0.000000] BIOS-e820: [mem 0x000000003fff0000-0x000000003fffffff] ACPI data
[    0.000000] BIOS-e820: [mem 0x00000000fec00000-0x00000000fec00fff] reserved
[    0.000000] BIOS-e820: [mem 0x00000000fee00000-0x00000000fee00fff] reserved
[    0.000000] BIOS-e820: [mem 0x00000000fffc0000-0x00000000ffffffff] reserved
[    0.000000] NX (Execute Disable) protection: active
[    0.000000] SMBIOS 2.5 present.
[    0.000000] Hypervisor detected: KVM
[    0.000000] e820: last_pfn = 0x3fff0 max_arch_pfn = 0x400000000
[    0.000000] MTRR: Disabled
[    0.000000] x86/PAT: MTRRs disabled, skipping PAT initialization too.
[    0.000000] CPU MTRRs all blank - virtualized system.
[    0.000000] x86/PAT: Configuration [0-7]: WB  WT  UC- UC  WB  WT  UC- UC  
[    0.000000] found SMP MP-table at [mem 0x0009fff0-0x0009ffff] mapped at [ffff88000009fff0]
[    0.000000] Scanning 1 areas for low memory corruption
[    0.000000] RAMDISK: [mem 0x362fa000-0x37174fff]
[    0.000000] ACPI: Early table checksum verification disabled
[    0.000000] ACPI: RSDP 0x00000000000E0000 000024 (v02 VBOX  )
[    0.000000] ACPI: XSDT 0x000000003FFF0030 00003C (v01 VBOX   VBOXXSDT 00000001 ASL  00000061)
[    0.000000] ACPI: FACP 0x000000003FFF00F0 0000F4 (v04 VBOX   VBXFACP 00000001 ASL  00000061)
[    0.000000] API: DSDT 0x000000003FFF0470 0021FF (v02 VBOX   VBOXBIOS 0000002 INTL 20180105)
[    0.000000] ACPI: FACS 0x000000003FFF0200 000040
[    0.000000] ACPI: FACS 0x000000003FFF0200 000040
[    0.000000] ACPI: APIC 0x000000003FFF0240 00005C (v02 VBOX   VBOXAPIC 00000001 ASL  00000061)
[    0.000000] ACPI: SSDT 0x000000003FFF02A0 0001CC (v01 VBOX   VBOXCPUT 00000002 INTL 20180105)
[    0.000000] No NUMA configuration found
[    0.000000] Faking a node at [mem 0x0000000000000000-0x000000003ffeffff]
[    0.000000] NODE_DATA(0) allocated [mem 0x3ffeb000-0x3ffeffff]
[    0.000000] kvm-clock: Using msrs 4b564d01 and 4b564d00
[    0.000000] kvm-clock: cpu 0, msr 0:3ffe3001, primary cpu clock
[    0.000000] kvm-clock: using sched offset of 5272891602 cycles
[    0.000000] clocksource: kvm-clock: mask: 0xffffffffffffffff max_cycles: 0x1cd42e4dffb, max_idle_ns: 881590591483 ns
[    0.00000 Zone ranges:
[    0.000000]   DMA      [mem 0x0000000000001000-0x0000000000ffffff]
[    0.000000]   DMA32    [mem 0x0000000001000000-0x000000003ffeffff]
[    0.000000]   Normal   empty
[    0.000000]   Device   empty
[    0.000000] Movable zone start for each node
[    0.000000] Early memory node ranges
[    0.000000]   node   0: [mem 0x0000000000001000-0x000000000009efff]
[    0.000000]   node   0: [mem 0x0000000000100000-0x000000003ffeffff]
[    0.000000] Initmem setup node 0 [mem 0x0000000000001000-0x000000003ffeffff]
[    0.000000] ACPI: PM-Timer IO Port: 0x4008
[    0.000000] IOAPIC[0]: apic_id 2, version 32, address 0xfec00000, GSI 0-23
[    0.000000] ACPI: INT_SRC_OVR (bus 0 bus_irq 0 global_irq 2 dfl dfl)
[    0.000000] ACPI: INT_SRC_OVR (bus 0 bus_irq 9 global_irq 9 low level)
[    0.000000] Using ACPI (MADT) for SMP configuration information
[    0.000000] smpboot: Allowing 2 CPUs, 0 hotplug CPUs
[    0.0000] PM: Registered nosave memory: [mem 0x00000000-0x00000fff]
[    0.000000] PM: Registered nosave memory: [mem 0x0009f000-0x0009ffff]
[    0.000000] PM: Registered nosave memory: [mem 0x000a0000-0x000effff]
[    0.000000] PM: Registered nosave memory: [mem 0x000f0000-0x000fffff]
[    0.000000] e820: [mem 0x40000000-0xfebfffff] available for PCI devices
[    0.000000] Booting paravirtualized kernel on KVM
[    0.000000] clocksource: refined-jiffies: mask: 0xffffffff max_cycles: 0xffffffff, max_idle_ns: 7645519600211568 ns
[    0.000000] setup_percpu: NR_CPUS:512 nr_cpumask_bits:512 nr_cpu_ids:2 nr_node_ids:1
[    0.000000] PERCPU: Embedded 34 pages/cpu @ffff88003fc00000 s99480 r8192 d31592 u1048576
[    0.000000] Built 1 zonelists in Node order, mobility grouping on.  Total pages: 257912
[    0.000000] Policy zone: DMA32
[    0.000000] Kernel command line: BOOT_IMAGE=/boot/vmlinuz-4.4.0-154-generic root=LABEL=cloudimg-rootfs ro console=tty1 console=ttyS0
[    0.000000] PID hash table entries: 4096 (order: 3, 32768 bytes)
[    0.000000] Memory: 997732K/1048120K available (8613K kernel code, 1335K rwdata, 4028K rodata, 1484K init, 1284K bss, 50388K reserved, 0K cma-reserved)
[    0.000000] SLUB: HWalign=64, Order=0-3, MinObjects=0, CPUs=2, Nodes=1
[    0.000000] Kernel/User page tables isolation: enabled
[    0.000000] Hierarchical RCU implementation.
[    0.000000] 	Build-time adjustment of leaf fanout to 64.
[    0.000000] 	RCU restricting CPUs from NR_CPUS=512 to nr_cpu_ids=2.
[    0.000000] RCU: Adjusting geometry for rcu_fanout_leaf=64, nr_cpu_ids=2
[    0.000000] NR_IRQS:33024 nr_irqs:440 16
[    0.000000] Console: colour VGA+ 80x25
[    0.000000] console [tty1] enabled
[    0.000000] console [ttyS0] enabled
[    0.000000] tsc: Detected 2992.498 MHz processor
[    2.060125] Calibrating delay loop (skipped) preset value.. 5984.99 BogoMIPS (lpj=11969992)
[    2.160393] pid_max: default: 32768 minimum: 301
[    2.161922] ACPI: Core revision 20150930
[    2.164615] ACPI: 2 ACPI AML tables successfully acquired and loaded
[    2.166762] Security Framework initialized
[    2.192263] Yama: becoming mindful.
[    2.193628] AppArmor: AppArmor initialized
[    2.195196] Dentry cache hash table entries: 131072 (order: 8, 1048576 bytes)
[    2.233422] Inode-cache hash table entries: 65536 (order: 7, 524288 bytes)
[    2.235699] Mount-cache hash table entries: 2048 (order: 2, 16384 bytes)
[    2.237664] Mountpoint-cache hash table entries: 2048 (order: 2, 16384 bytes)
[    2.240675] Initializing cgroup subsys io
[    2.242080] Initializing cgroup subsys memory
[    2.243557] Initializing cgroup subsys devices
[    2.245057] Initializing cgroup subsys freezer
[    2.246558] Initializing cgroup subsys net_cls
[    2.280046] Initializing cgroup subsys perf_event
[    2.281597] Initializing cgroup subsys net_prio
[    2.283111] Initializing cgroup subsys hugetlb
[    2.284601] Initializing cgroup subsys pids
[    2.286140] mce: CPU supports 0 MCE banks
[    2.287604] Last level iTLB entries: 4KB 128, 2MB 4, 4MB 4
[    2.328287] Last level dTLB entries: 4KB 256, 2MB 0, 4MB 32, 1GB 0
[    2.432225] Spectre V2 : Mitigation: Full generic retpoline
[    2.436851] Spectre V2 : Spectre v2 / SpectreRSB mitigation: Filling RSB on context switch
[    2.439620] Speculative Store Bypass: Vulnerable
[    2.442069] MDS: Vulnerable: Clear CPU buffers attempted, no microcode
[    2.447650] Freeing SMP alternatives memory: 36K
[    2.486743] ftrace: allocating 32299 entries in 127 pages
[    2.557696] smpboot: APIC(0) Converting physical 0 to logical package 0
[    2.672838] smpboot: Max logical packages: 1
[    2.696276] x2apic enabled
[    2.724290] Switched APIC routing to physical x2apic.
[    2.778547] ..TIMER: vector=0x30 apic1=0 pin1=2 apic2=-1 pin2=-1
[    2.891302] smpboot: CPU0: Intel(R) Core(TM)2 Duo CPU     E8400  @ 3.00GHz (family: 0x6, model: 0x17, stepping: 0xa)
[    2.968017] Performance Events: unsupported p6 CPU model 23 no PMU driver, software events only.
[    3.138421] KVM setup paravirtual spinlock
[    3.158564] x86: Booting SMP configuration:
[    3.160001] .... node  #0, CPUs:      #1
[    3.161374] kvm-clock: cpu 1, msr 0:3ffe3041, secondary cpu clock
[    3.173892] mce: CPU supports 0 MCE banks
[    3.177065] x86: Booted up 1 node, 2 CPUs
[    3.178995] smpboot: Total of 2 processors activated (11969.99 BogoMIPS)
[    3.181570] devtmpfs: initialized
[    3.185618] evm: security.selinux
[    3.186862] evm: security.SMACK64
[    3.188109] evm: security.SMACK64EXEC
[    3.194590] evm: security.SMACK64TRANSMUTE
[    3.196004] evm: security.SMACK64MMAP
[    3.197325] evm: security.ima
[    3.198518] evm: security.capability
[    3.200008] clocksource: jiffies: mask: 0xffffffff max_cycles: 0xffffffff, max_idle_ns: 7645041785100000 ns
[    3.203116] futex hash table entries: 512 (order: 3, 32768 bytes)
[    3.205162] pinctrl core: initialized pinctrl subsystem
[    3.206997] RTC time: 16:53:57, date: 08/22/19
[    3.208896] NET: Registered protocol family 16
[    3.223625] cpuidle: using governor ladder
[    3.235671] cpuidle: using governor menu
[    3.237117] PCCT header not found.
[    3.238460] ACPI: bus type PCI registered
[    3.239865] acpiphp: ACPI Hot Plug PCI Controller Driver version: 0.5
[    3.241900] PCI: Using configuration type 1 for base access
[    3.256664] ACPI: Added _OSI(Module Device)
[    3.263448] ACPI: Added _OSI(Processor Device)
[    3.264960] ACPI: Added _OSI(3.0 _SCP Extensions)
[    3.271842] ACPI: Added _OSI(Processor Aggregator Device)
[    3.274372] ACPI: Executed 1 blocks of module-level executable AML code
[    3.278958] ACPI: Interpreter enabled
[    3.280294] ACPI: (supports S0 S5)
[    3.281559] ACPI: Using IOAPIC for interrupt routing
[    3.283348] PCI: Using host bridge windows from ACPI; if necessary, use "pci=nocrs" and report a bug
[    3.290904] ACPI: PCI Root Bridge [PCI0] (domain 0000 [bus 00-ff])
[    3.292791] acpi PNP0A03:00: _OSC: OS supports [ASPM ClockPM Segments MSI]
[    3.294807] acpi PNP0A03:00: _OSC: not requesting OS control; OS requires [ExtendedConfig ASPM ClockPM MSI]
[    3.358321] acpi PNP0A03:00: fail to add MMCONFIG information, can't access extended PCI configuration space under this bridge.
[    3.471147] PCI host bridge to bus 0000:00
[    3.490350] pci_bus 0000:00: root bus resource [io  0x0000-0x0cf7 window]
[    3.492332] pci_bus 0000:00: root bus resource [io  0x0d00-0xffff window]
[    3.494307] pci_bus 0000:00: root bus resource [mem 0x000a0000-0x000bffff window]
[    3.616771] pci_bus 0000:00: root bus resource [mem 0x40000000-0xfdffffff window]
[    3.619399] pci_bus 0000:00: root bus resource [bus 00-ff]
[    3.623264] pci 0000:00:01.1: legacy IDE quirk: reg 0x10: [io  0x01f0-0x01f7]
[    3.704943] pci 0000:00:01.1: legacy IDE quirk: reg 0x14: [io  0x03f6]
[    3.706861] pci 0000:00:01.1: legacy IDE quirk: reg 0x18: [io  0x0170-0x0177]
[    3.722041] pci 0000:00:01.1: legacy IDE quirk: reg 0x1c: [io  0x0376]
[    3.747672] pci 0000:00:07.0: quirk: [io  0x4000-0x403f] claimed by PIIX4 ACPI
[    3.756991] pci 0000:00:07.0: quirk: [io  0x4100-0x410f] claimed by PIIX4 SMB
[    3.767010] ACPI: PCI Interrupt Link [LNKA] (IRQs 5 9 10 *11)
[    3.777298] ACPI: PCI Interrupt Link [LNKB] (IRQs 5 9 *10 11)
[    3.779753] ACPI: PCI Interrupt Link [LNKC] (IRQs 5 *9 10 11)
[    3.782197] ACPI: PCI Interrupt Link [LNKD] (IRQs 5 9 10 *11)
[    3.785818] ACPI: Enabled 2 GPEs in block 00 to 07
[    3.812647] vgaarb: setting as boot device: PCI:0000:00:02.0
[    3.883297] vgaarb: device added: PCI:0000:00:02.0,decodes=io+mem,owns=io+mem,locks=none
[    3.939685] vgaarb: loaded
[    3.989112] vgaarb: bridge control possible 0000:00:02.0
[    3.991482] SCSI subsystem initialized
[    3.993304] ACPI: bus type USB registered
[    3.994749] usbcore: registered new interface driver usbfs
[    4.037510] usbcore: registered new interface driver hub
[    4.082034] usbcore: registered new device driver usb
[    4.169768] PCI: Using ACPI for IRQ routing
[    4.171936] NetLabel: Initializing
[    4.173205] NetLabel:  domain hash size = 128
[    4.174660] NetLabel:  protocols = UNLABELED CIPSOv4
[    4.176306] NetLabel:  unlabeled traffic allowed by default
[    4.292806] amd_nb: Cannot enumerate AMD northbridges
[    4.389729] clocksource: Switched to clocksource kvm-clock
[    4.492782] AppArmor: AppArmor Filesystem Eabed
[    4.718305] pnp: PnP ACPI init
[    4.720559] pnp: PnP ACPI: found 3 devices
[    4.733649] clocksource: acpi_pm: mask: 0xffffff max_cycles: 0xffffff, max_idle_ns: 2085701024 ns
[    4.736661] NET: Registered protocol family 2
[    4.738665] TCP established hash table entries: 8192 (order: 4, 65536 bytes)
[    4.740764] TCP bind hash table entries: 8192 (order: 5, 131072 bytes)
[    4.742750] TCP: Hash tables configured (established 8192 bind 8192)
[    4.744718] UDP hash table entries: 512 (order: 2, 16384 bytes)
[    4.746547] UDP-Lite hash table entries: 512 (order: 2, 16384 bytes)
[    4.748584] NET: Registered protocol family 1
[    4.750169] pci 0000:00:00.0: Limiting direct PCI/PCI transfers
[    4.752079] pci 0000:00:01.0: Activating ISA DMA hang workarounds
[    4.754277] Unpacking initramfs...
[    5.039121] Freeing initrd memory: 14828K
[    5.041368] clocksource: tsc: mask: 0xffffffffffffffff max_cycles: 0x2b2296bc2b9, max_idle_ns: 440795321505 ns
[    5.046025] platform rtc_cmos: registered platform RTC device (no PNP device found)
[    5.049797] Scanning for low memory corruption every 60 seconds
[    5.055282] audit: initializing netlink subsys (disabled)
[    5.057991] audit: type=2000 audit(1566492842.504:1): initialized
[    5.061071] Initialise system trusted keyring
[    5.064393] HugeTLB registered 2 MB page size, pre-allocated 0 pages
[    5.083089] zbud: loaded
[    5.118328] VFS: Disk quotas dquot_6.6.0
[    5.129982] VFS: Dquot-cache hash table entries: 512 (order 0, 4096 bytes)
[    5.132547] squashfs: version 4.0 (2009/01/31) Phillip Lougher
[    5.135145] fuse init (API version 7.23)
[    5.136853] Key type big_key registered
[    5.138430] Allocating IMA MOK and blacklist keyrings.
[    5.151018] Key type asymmetric registered
[    5.203552] Asymmetric key parser 'x509' registered
[    5.205542] Block layer SCSI generic (bsg) driver version 0.4 loaded (major 249)
[    5.315453] io scheduler noop registered
[    5.319764] io scheduler deadline registered (default)
[    5.321954] io scheduler cfq registered
[    5.370787] pci_hotplug: PCI Hot Plug PCI Core version: 0.5
[    5.372672] pciehp: PCI Express Hot Plug Controller Driver version: 0.4
[    5.375234] ACPI: AC Adapter [AC] (on-line)
[    5.379341] input: Power Button as /devices/LNXSYSTM:00/LNXPWRBN:00/input/input0
[    5.382227] ACPI: Power Button [PWRF]
[    5.383790] input: Sleep Button as /devices/LNXSYSTM:00/LNXSLPBN:00/input/input1
[    5.386574] ACPI: Sleep Button [SLPF]
[    5.389140] GHES: HEST is not enabled!
[    5.390789] Serial: 8250/16550 driver, 32 ports, IRQ sharing enabled
[    5.415916] 00:02: ttyS0 at I/O 0x3f8 (irq = 4, base_baud = 115200) is a 16550A
[    5.442645] Linux agpgart interface v0.103
[    5.446835] loop: module loaded
[    5.449181] scsi host0: ata_piix
[    5.779359] scsi host1: ata_piix
[    5.959429] ata1: PATA max UDMA/33 cmd 0x1f0 ctl 0x3f6 bmdma 0xd000 irq 14
[    6.126386] ata2: PATA max UDMA/33 cmd 0x170 ctl 0x376 bmdma 0xd008 irq 15
[    6.136717] libphy: Fixed MDIO Bus: probed
[    6.251336] tun: Universal TUN/TAP device driver, 1.6
[    6.769361] tun: (C) 1999-2004 Max Krasnyansky <maxk@qualcomm.com>
[    7.389456] PPP generic driver version 2.4.2
[    7.709358] ehci_hcd: USB 2.0 'Enhanced' Host Controller (EHCI) Driver
[    8.359322] ehci-pci: EHCI PCI platform driver
[    8.739193] ehci-platform: EHCI generic platform driver
[    9.139343] ohci_hcd: USB 1.1 'Open' Host Controller (OHCI) Driver
[    9.529377] ohci-pci: OHCI PCI platform driver
[    9.999183] ohci-platform: OHCI generic platform driver
[   10.029232] uhci_hcd: USB Universal Host Controller Interface driver
[   10.031279] i8042: PNP: PS/2 Controller [PNP0303:PS2K,PNP0f03:PS2M] at 0x60,0x64 irq 1,12
[   10.034782] serio: i8042 KBD port at 0x60,0x64 irq 1
[   10.036406] serio: i8042 AUX port at 0x60,0x64 irq 12
[   10.059618] mousedev: PS/2 mouse device common for all mice
[   10.062201] input: AT Translated Set 2 keyboard as /devices/platform/i8042/serio0/input/input2
[   10.065141] rtc_cmos rtc_cmos: rtc core: registered rtc_cmos as rtc0
[   10.650828] rtc_cmos rtc_cmos: alarms up to one day, 114 bytes nvram
[   10.678804] i2c /dev entries driver
[   10.682697] device-mapper: uevent: version 1.0.3
[   10.693364] device-mapper: ioctl: 4.34.0-ioctl (2015-10-28) initialised: dm-devel@redhat.com
[   10.711786] ledtrig-cpu: registered to indicate activity on CPUs
[   10.725826] NET: Registered protocol family 10
[   10.999579] NET: Registered protocol family 17
[   11.349272] Key type dns_resolver registered
[   11.739611] registered taskstats version 1
[   12.069244] Loading compiled-in X.509 certificates
[   12.570236] Loaded X.509 cert 'Build time autogenerated kernel key: 65139e04a67245b562a838c28b5e7032abdd4348'
[   13.610098] zswap: loaded using pool lzo/zbud
[   13.772686] Key type trusted registered
[   13.801598] Key type encrypted registered
[   13.829770] AppArmor: AppArmor sha1 policy hashing enabled
[   13.831588] ima: No TPM chip found, activating TPM-bypass!
[   13.849848] ima: Allocated hash algorithm: sha1
[   13.851458] evm: HMAC attrs: 0x1
[   13.853200]   Magic number: 15:701:894
[   13.854794] rtc_cmos rtc_cmos: setting system clock to 2019-08-22 16:54:08 UTC (1566492848)
[   13.857943] BIOS EDD facility v0.16 2004-Jun-25, 0 devices found
[   13.869969] EDD information not available.
[   13.881095] Freeing unused kernel memory: 1484K
[   13.933786] Write protecting the kernel read-only data: 14336k
[   13.949400] Freeing unused kernel memory: 1616K
[   13.951363] Freeing unused kernel memory: 68K
Loading, please wait...
starting version 229
[   14.164092] random: systemd-udevd: uninitialized urandom read (16 bytes read, 3 bits of entropy available)
[   14.173978] random: udevadm: uninitialized urandom read (16 bytes read, 3 bits of entropy available)
[   14.174073] random: udevadm: uninitialized urandom read (16 bytes read, 3 bits of entropy available)
[   14.220999] random: systemd-udevd: uninitialized urandom read (16 bytes read, 3 bits of entropy available)
[   14.239315] random: systemd-udevd: uninitialized urandom read (16 bytes read, 3 bits of entropy available)
[   14.261616] random: udevadm: uninitialized urandom read (16 bytes read, 3 bits of entropy available)
[   14.261980] random: udevadm: uninitialized urandom read (16 bytes read, 3 bits of entropy available)
[   14.262884] random: udevadm: uninitialized urandom read (16 bytes read, 3 bits of entropy available)
[   14.263232] random: udevadm: uninitialized urandom read (16 bytes read, 3 bits of entropy available)
[   14.263595] random: udevadm: uninitialized urandom read (16 bytes read, 3 bits of entropy available)
[   14.668077] e1000: Intel(R) PRO/1000 Network Driver - version 7.3.21-k8-NAPI
[   14.689975] e1000: Copyright (c) 1999-2006 Intel Corporation.
[   14.701102] Fusion MPT base driver 3.04.20
[   14.710830] Copyright (c) 1999-2008 LSI Corporation
[   14.726616] Fusion MPT SPI Host driver 3.04.20
[   14.932059] input: ImExPS/2 Generic Explorer Mouse as /devices/platform/i8042/serio1/input/input4
[   15.239425] e1000 0000:00:03.0 eth0: (PCI:33MHz:32-bit) 02:1e:e5:6d:71:21
[   15.242519] e1000 0000:00:03.0 eth0: Intel(R) PRO/1000 Network Connection
[   15.247856] mptbase: ioc0: Initiating bringup
[   15.259822] e1000 0000:00:03.0 enp0s3: renamed from eth0
[   15.328573] ioc0: LSI53C1030 A0: Capabilities={Initiator}
[   15.849786] scsi host2: ioc0: LSI53C1030 A0, FwRev=00000000h, Ports=1, MaxQ=256, IRQ=20
[   16.359059] scsi 2:0:0:0: Direct-Access     VBOX     HARDDISK         1.0  PQ: 0 ANSI: 5
[   17.255989] scsi target2:0:0: Beginning Domain Validation
[   17.306224] scsi target2:0:0: Domain Validation skipping write tests
[   17.309394] scsi target2:0:0: Ending Domain Validation
[   17.311955] scsi target2:0:0: asynchronous
[   17.314930] scsi 2:0:1:0: Direct-Access     VBOX     HARDDISK         1.0  PQ: 0 ANSI: 5
[   17.319324] scsi target2:0:1: Beginning Domain Validation
[   17.323249] scsi target2:0:1: Domain Validation skipping write tests
[   17.325499] scsi target2:0:1: Ending Domain Validation
[   17.327186] scsi target2:0:1: asynchronous
[   17.337205] sd 2:0:0:0: Attached scsi generic sg0 type 0
[   17.337386] sd 2:0:0:0: [sda] 20971520 512-byte logical blocks: (10.7 GB/10.0 GiB)
[   17.342880] sd 2:0:0:0: [sda] Write Protect is off
[   17.343072] sd 2:0:1:0: Attached scsi generic sg1 type 0
[   17.343326] sd 2:0:1:0: [sdb] 20480 512-byte logical blocks: (10.5 MB/10.0 MiB)
[   17.343477] sd 2:0:1:0: [sdb] Write Protect is off
[   17.343605] sd 2:0:1:0: [sdb] Incomplete mode parameter data
[   17.343607] sd 2:0:1:0: [sdb] Assuming drive cache: write through
[   17.360741] sd 2:0:1:0: [sdb] Attached SCSI disk
[   17.466551] sd 2:0:0:0: [sda] Incomplete mode parameter data
[   17.469943] sd 2:0:0:0: [sda] Assuming drive cache: write through
[   17.490741]  sda: sda1
[   17.511716] sd 2:0:0:0: [sda] Attached SCSI disk
Begin: Loading essential drivers[   19.978372] md: linear personality registered for level -1
 ... [   20.006790] md: multipath personality registered for level -4
[   20.032787] md: raid0 personality registered for level 0
[   20.077544] md: raid1 personality registered for level 1
[   20.189754] raid6: sse2x1   gen()  4565 MB/s
[   20.265748] raid6: sse2x1   xor()  4781 MB/s
[   20.385748] raid6: sse2x2   gen()  5786 MB/s
[   20.541750] raid6: sse2x2   xor()  6094 MB/s
[   20.641747] raid6: sse2x4   gen()  8673 MB/s
[   20.741753] raid6: sse2x4   xor()  6392 MB/s
[   20.744419] raid6: using algorithm sse2x4 gen() 8673 MB/s
[   20.747136] raid6: .... xor() 6392 MB/s, rmw enabled
[   20.749837] raid6: using ssse3x2 recovery algorithm
[   20.762054] xor: measuring software checksum speed
[   20.801771]    prefetch64-sse:  7355.000 MB/sec
[   20.841749]    generic_sse: 10080.000 MB/sec
[   20.928093] xor: using function: generic_sse (10080.000 MB/sec)
[   20.932071] async_tx: api initialized (async)
[   20.985677] md: raid6 personality registered for level 6
[   21.001224] md: raid5 personality registered for level 5
[   21.004285] md: raid4 personality registered for level 4
[   21.063850] md: raid10 personality registered for level 10
done.
Begin: Running /scripts/init-premount ... done.
Begin: Mounting root file system ... Begin: Running /scripts/local-top ... done.
Begin: Running /scripts/local-premount ... [   21.237180] Btrfs loaded
Scanning for Btrfs filesystems
done.
Warning: fsck not present, so skipping root file system
[   21.489545] EXT4-fs (sda1): mounted filesystem with ordered data mode. Opts: (null)
done.
Begin: Running /scripts/local-bottom ... done.
Begin: Running /scripts/init-bottom ... done.
[   22.359386] systemd[1]: systemd 229 running in system mode. (+PAM +AUDIT +SELINUX +IMA +APPARMOR +SMACK +SYSVINIT +UTMP +LIBCRYPTSETUP +GCRYPT +GNUTLS +ACL +XZ -LZ4 +SECCOMP +BLKID +ELFUTILS +KMOD -IDN)
[   22.367497] systemd[1]: Detected virtualization oracle.
[   22.369271] systemd[1]: Detected architecture x86-64.

Welcome to [1mUbuntu 16.04.6 LTS[0m!

[   22.460364] systemd[1]: Set hostname to <ubuntu>.
[   22.481350] systemd[1]: Initializing machine ID from random generator.
[   22.540104] systemd[1]: Installed transient /etc/machine-id file.
[   22.738781] random: nonblocking pool is initialized
[   23.863841] systemd[1]: Listening on LVM2 metadata daemon socket.
[[0;32m  OK  [0m] Listening on LVM2 metadata daemon socket.
[   23.985804] systemd[1]: Created slice User and Session Slice.
[[0;32m  OK  [0m] Created slice User and Session Slice.
[   23.989811] systemd[1]: Listening o /ev/initctl Compatibility Named Pipe.
[[0;32m  OK  [0m] Listening on /dev/initctl Compatibility Named Pipe.
[   24.112904] systemd[1]: Set up automount Arbitrary Executable File Formats File System Automount Point.
[[0;32m  OK  [0m] Set up automount Arbitrary Executab...ats File System Automount Point.
[   24.119255] systemd[1]: Listening on udev Control Socket.
[[0;32m  OK  [0m] Listening on udev Control Socket.
[   24.122990] systemd[1]: Listening on LVM2 poll daemon socket.
[[0;32m  OK  [0m] Listening on LVM2 poll daemon socket.
[   24.146109] systemd[1]: Started Trigger resolvconf update for networkd DNS.
[[0;32m  OK  [0m] Started Trigger resolvconf update for networkd DNS.
[   24.150301] systemd[1]: Reached target Swap.
[[0;32m  OK  [0m] Reached target Swap.
[   24.160195] systemd[1]: Listening on Journal Socket.
[[0;32m  OK  [0m] Listening on Journal Socket.
[   24.165074] systemd[1]: Reached target System Time Synchronized.
[[0;32m  OK  [0m] Reached target System Time Synchronized.
[   24.229899] systemd[1]: Listening on Journal Socket (/dev/log).
[[0;32m  OK  [0m] Listening on Journal Socket (/dev/log).
[   24.233897] systemd[1]: Listening on Device-mapper event daemon FIFOs.
[[0;32m  OK  [0m] Listening on Device-mapper event daemon FIFOs.
[   24.238029] systemd[1]: Listening on Syslog Socket.
[[0;32m  OK  [0m] Listening on Syslog Socket.
[   24.24155] systemd[1]: Listening on udev Kernel Socket.
[[0;32m  OK  [0m] Listening on udev Kernel Socket.
[   24.317552] systemd[1]: Reached target Encrypted Volumes.
[[0;32m  OK  [0m] Reached target Encrypted Volumes.
[   24.321198] systemd[1]: Reached target User and Group Name Lookups.
[[0;32m  OK  [0m] Reached target User and Group Name Lookups.
[   24.325407] systemd[1]: Listening on Journal Audit Socket.
[[0;32m  OK  [0m] Listening on Journal Audit Socket.
[   24.330166] systemd[1]: Created slice System Slice.
[[0;32m  OK  [0m] Created slice System Slice.
[   24.350291] systemd[1]: Mounting Debug File System...
         Mounting Debug File System...
[   24.414559] systemd[1]: Mounting Huge Pages File System...
         Mounting Huge Pages File System...
[   24.441706] systemd[1]: Starting Monitoring of LVM2 mirrors, snapshots etc. using dmeventd or progress polling...
         Starting Monitoring of LVM2 mirrors... dmeventd or progress polling...
[   24.491499] systemd[1]: Starting Load Kernel Modules...
         Starting Load Kernel Modules...
[   24.510850] systemd[1]: Starting Remount Root and Kernel File Systems...
         Starting Remount Root and Kernel File Systems...
[   24.546260] systemd[1]: Starting Set console keymap...
         Starting Set console ke[   24.566044] EXT4-fs (sda1): re-mounted. Opts: (null)
ymap...
[   24.591954] systemd[1]: Mounting POSIX Message Queue File System...
         Mounting POSIX Message Queue File System...
[   24.647174] systemd[1]: Starting Uncomplicated firewall...
         Starting Uncomplicated firewall...
[   24.687908] Loading iSCSI transport class v2.0-870.
[   24.710897] systemd[1]: Starting Journal Service...
         Starting Journal Service...
[   24.727694] systemd[1]: Reached target Slices.
[[0;32m  OK  [0m] Reached target Slices.
[   24.736484] systemd[1]: Starting Nameserver information manager...
         Starting Nameserver information manager...
[   24.761106] systemd[1]: Created slice system-serial\x2dgetty.slice.
[[0;32m  OK  [0m] Created slice system-serial\x2dgetty.slice.
[   24.819013] systemd[1]: Starting Create list of required static device nodes for the current kernel...
         Starting Create list of required st... nodes for the current kernel...
[   24.830057] iscsi: registered transport (tcp)
[   24.840078] systemd[1]: Started Forward Password Requests to Wall Directory Watch.
[[0;32m  OK  [0m] Started Forward Password Requests to Wall Directory Watch.
[   24.909227] systemd[1]: Mounted POSIX Message Queue File System.
[[0;32m  OK  [0m] Mounted POSIX Message Queue File System.
[   24.915970] systemd[1]: Mounted Huge Pages File System.
[[0;32m  OK  [0m] Mounted Huge Pages File System.
[   24.924631] systemd[1]: Mounted Debug File System.
[[0;32m  OK  [0m] Mounted Debug File System.
[   24.944301] systemd[1]: Started Remount Root and Kernel File Systems.
[[0;32m  OK  [0m] Started Remount Root and Kernel File Systems.
[   24.967426] systemd[1]: Started Uncomplicated firewall.
[[0;32m  OK  [0m] Started Uncomplicated firewall.
[   25.039942] systemd[1]: Started Create list of required static device nodes for the current kernel.
[[0;32m  OK  [0m] Started Create list of required sta...ce nodes for the current kernel.
[   25.083313] systemd[1]: Started Nameserver information manager.
[[0;32m  OK  [0m] Started Nameserver information manager.
[   25.128221] systemd[1]: Started Journal Service.
[[0;32m  OK  [0m] Started Journal Service.
[   25.364132] iscsi: registered transport (iser)
[[0;32m  OK  [0m] Started Load Kernel Modules.
         Starting Apply Kernel Variables...
         Mounting FUSE Control File System...
[[0;32m  OK  [0m] Started LVM2 metadata daemon.
         Starting Create Static Device Nodes in /dev...
         Starting Flush Journal to Persistent Storage...
         Starting udev Coldplug all Devices...
         Starting Load/Save Random Seed...
[[0;32m  OK  [0m] Mounted FUSE Control File System.
[[0;32m  OK  [0m] Started Set console keymap.
[[0;32m  OK  [0m] Started Apply Kernel Variables.
[[0;32m  OK  [0m] Started Monitoring of LVM2 mirrors,...ng dmeventd or progress polling.
[[0;32m  OK  [0m] Started Load/Save Random Seed.
[[0;32m  OK  [0m] Started Create Static Device Nodes in /dev.
         Starting udev Kernel Device Manager...
[[0;32m  OK  [0m] Reached target Local File Systems (Pre).
[[0;32m  OK  [0m] Reached target Local File Systems.
         Starting Commit a transient machine-id on disk...
         Starting Set console font and keymap...
         Starting Initial cloud-init job (pre-networking)...
         Starting Tell Plymouth To Write Out Runtime Data...
         Starting LSB: AppArmor initialization...
[[0;32m  OK  [0m] Started Flush Journal to Persistent Storage.
[[0;32m  OK  [0m] Started Commit a transient machine-id on disk.
         Starting Create Volatile Files and Directories...
[[0;32m  OK  [0m] Started Tell Plymouth To Write Out Runtime Data.
[[0;32m  OK  [0m] Started udev Coldplug all Devices.
[[0;32m  OK  [0m] Started Create Volatile Files and Directories.
         Starting Update UTMP about System Boot/Shutdown...
[[0;32m  OK  [0m] Started udev Kernel Device Manager.
[[0;32m  OK  [0m] Started Dispatch Password Requests to Console Directory Watch.
[[0;32m  OK  [0m] Started Update UTMP about System Boot/Shutdown.
[[0;32m  OK  [0m] Found device /dev/ttyS0.
[[0;32m  OK  [0m] Listening on Load/Save RF Kill Switch Status /dev/rfkill Watch.
[[0;32m  OK  [0m] Started LSB: AppArmor initialization.
[[0;32m  OK  [0m] Started Set console font and keymap.
[[0;32m  OK  [0m] Created slice system-getty.slice.
[   30.543878] cloud-init[452]: Cloud-init v. 19.1-1-gbaa47854-0ubuntu1~16.04.1 running 'init-local' at Thu, 22 Aug 2019 16:54:27 +0000. Up 28.75 seconds.
[[0;32m  OK  [0m] Started Initial cloud-init job (pre-networking).
[[0;32m  OK  [0m] Reached target Network (Pre).
         Starting Raise network interfaces...
[[0;32m  OK  [0m] Started Raise network interfaces.
         Starting Initial cloud-init job (metadata service crawler)...
[[0;32m  OK  [0m] Reached target Network.
[   38.106813] cloud-init[944]: Cloud-init v. 19.1-1-gbaa47854-0ubuntu1~16.04.1 running 'init' at Thu, 22 Aug 2019 16:54:32 +0000. Up 34.45 seconds.
[   38.241368] cloud-init[944]: ci-info: ++++++++++++++++++++++++++++++++++++++Net device info++++++++++++++++++++++++++++++++++++++
[   38.394534] cloud-init[944]: ci-info: +--------+------+----------------------------+---------------+--------+-------------------+
[[0;32m  OK  [0m] Started Initial cloud-init job (metadata service crawler).
[   38.873877] cloud-init[944]: ci-info: | Device |  Up  |          Address           |      Mask     | Scope  |     Hw-Address    |
[[0;32m  OK  [0m] Reached target System Initialization.
[   38.919413] cloud-init[944]: ci-info: +--------+------+----------------------------+---------------+--------+-------------------+
[[0;32m  OK  [0m] Listening on ACPID Listen Socket.
[   38.929899] cloud-init[944]: ci-info: | enp0s3 | True |         10.0.2.15          | 255.255.255.0 | global | 02:1e:e5:6d:71:21 |
[[0;32m  OK  [0m] Listening on UUID daemon activation socket.
[   38.949630] cloud-init[944]: ci-info: | enp0s3 | True | fe80::1e:e5ff:fe6d:7121/64 |       .       |  link  | 02:1e:e5:6d:71:21 |
[   38.963687] cloud-init[944]: ci-info: |   lo   | True |         127.0.0.1          |   255.0.0.0   |  host  |         .         |
[   38.966045] cloud-init[944]: ci-info: |   lo   | True |          ::1/128           |       .       |  host  |         .         |
[   38.968501] cloud-init[944]: ci-info: +--------+------+----------------------------+---------------+--------+-------------------+
         Starting Socket activation for snappy daemon.
[   38.969878] cloud-init[944]: ci-info: +++++++++++++++++++++++++++Route IPv4 info++++++++++++++++++++++++++++
[   39.132335] cloud-init[944]: ci-info: +-------+-------------+----------+---------------+-----------+-------+
[[0;32m  OK  [0m] Started Daily apt download activities.
[   39.132702] cloud-init[944]: ci-info: | Route | Destination | Gateway  |    Genmask    | Interface | Flags |
[   39.272551] cloud-init[944]: ci-info: +-------+-------------+----------+---------------+-----------+-------+
[[0;32m  OK  [0m] Listening on D-Bus System Message Bus Socket.
[   39.272902] cloud-init[944]: ci-info: |   0   |   0.0.0.0   | 10.0.2.2 |    0.0.0.0    |   enp0s3  |   UG  |
[[0;32m  OK  [0m] Started Daily apt upgrade and clean activities.
[[0;32m  OK  [0m] Started Daily Cleanup of Temporary Directories.
[   39.514912] cloud-init[944]: ci-info: |   1   |   10.0.2.0  | 0.0.0.0  | 255.255.255.0 |   enp0s3  |   U   |
[   39.628685] cloud-init[944]: ci-info: +-------+-------------+----------+---------------+-----------+-------+
[   39.704442] cloud-init[944]: ci-info: +++++++++++++++++++Route IPv6 info+++++++++++++++++++
[[0;32m  OK  [0m] Started ACPI Events Check.
[[0;32m  OK  [0m] Reached target Paths.
[   39.704808] cloud-init[944]: ci-info: +-------+-------------+---------+-----------+-------+
[   39.758952] cloud-init[944]: ci-info: | Route | Destination | Gateway | Interface | Flags |
[   39.787574] cloud-init[944]: ci-info: +-------+-------------+---------+-----------+-------+
         Starting LXD - unix socket.
[   39.788098] cloud-init[944]: ci-info: |   0   |  fe80::/64  |    ::   |   enp0s3  |   U   |
[   39.820675] cloud-init[944]: ci-info: |   4   |   ff00::/8  |    ::   |   enp0s3  |   U   |
[   39.888620] cloud-init[944]: ci-info: +-------+-------------+---------+-----------+-------+
[   39.893423] cloud-init[944]: Generating public/private rsa key pair.
[   39.898588] cloud-init[944]: Your identification has been saved in /etc/ssh/ssh_host_rsa_key.
[   39.916540] cloud-init[944]: Your public key has been saved in /etc/ssh/ssh_host_rsa_key.pub.
[   39.916910] cloud-init[944]: The key fingerprint is:
[   39.920471] cloud-init[944]: SHA256:zB20ur9SVziK9XExa0w1UetZoGu8t7KZN66tyLVq/cQ root@ubuntu-xenial
[   39.920853] cloud-init[944]: The key's randomart image is:
[   39.921298] cloud-init[944]: +---[RSA 2048]----+
[   39.921761] cloud-init[944]: |          .   .+=|
[   39.922269] cloud-init[944]: |         . . .+.o|
[   39.922694] cloud-init[944]: |          o .+ =.|
[   39.923152] cloud-init[944]: |       o o.o+.B o|
[   39.924411] cloud-init[944]: |        So.o+* o |
[   39.927814] cloud-init[944]: |        ..o.oo   |
[   39.929059] cloud-init[944]: |        .. oo E  |
[   39.933665] cloud-init[944]: |        .o.ooBo. |
[   39.935827] cloud-init[944]: |         o*oBO=. |
[   39.938953] cloud-init[944]: +----[SHA256]-----+
[   39.941728] cloud-init[944]: Generating public/private dsa key pair.
[   39.944000] cloud-init[944]: Your identification has been saved in /etc/ssh/ssh_host_dsa_key.
[   39.945549] cloud-init[944]: Your public key has been saved in /etc/ssh/ssh_host_dsa_key.pub.
[   39.949987] cloud-init[944]: The key fingerprint is:
[   39.952436] cloud-init[944]: SHA256:zO8nsVhSe0w6ChHi5osa6kO7BTRQpzp6/4xDRUW2DLo root@ubuntu-xenial
[   39.959000] cloud-init[944]: The key's randomart image is:
[   39.959386] cloud-init[944]: +---[DSA 1024]----+
[   39.959860] cloud-init[944]: |... . .o+        |
[   39.962009] cloud-init[944]: |.  o..o+ .       |
[   39.964372] cloud-init[944]: | o...o .o        |
[   39.965710] cloud-init[944]: |... o.oo  . .    |
[   39.970474] cloud-init[944]: |o. oE. .S. =     |
[   39.970844] cloud-init[944]: |.o. o . ..* o    |
[   39.971466] cloud-init[944]: |+ o+ . . =.=     |
[   39.977490] cloud-init[944]: |.=o.oo  o.o .    |
[   39.977847] cloud-init[944]: |++o ooo   .o     |
[   39.978417] cloud-init[944]: +----[SHA256]-----+
[   39.980819] cloud-init[944]: Generating public/private ecdsa key pair.
[   39.988803] cloud-init[944]: Your identification has been saved in /etc/ssh/ssh_host_ecdsa_key.
[   39.989047] cloud-init[944]: Your public key has been saved in /etc/ssh/ssh_host_ecdsa_key.pub.
[   39.989345] cloud-init[944]: The key fingerprint is:
[   39.989576] cloud-init[944]: SHA256:FNpmiR/rHOyG/CamTJYbm2yRNsaYUxDzeSo4IbaMKN8 root@ubuntu-xenial
[   39.989809] cloud-init[944]: The key's randomart image is:
[   39.990043] cloud-init[944]: +---[ECDSA 256]---+
[   39.990271] cloud-init[944]: |  o.    .        |
[   39.990508] cloud-init[944]: |  .o . + o       |
[   39.990754] cloud-init[944]: |o. .o + B        |
[   39.990980] cloud-init[944]: |*o. .o * o       |
[   39.991217] cloud-init[944]: |*o.=..  S        |
[   39.991448] cloud-init[944]: |.o+oBo = .       |
[   39.991676] cloud-init[944]: |  .+Eoo =        |
[   39.991914] cloud-init[944]: |   =.=oo.        |
[[0;32m  OK  [0m] Reached target Timers.
[   39.992682] cloud-init[944]: |   .Bo o.        |
[[0;32m  OK  [0m] Reached target Cloud-config availability.
[   40.214869] cloud-init[944]: +----[SHA256]-----+
[   40.328664] cloud-init[944]: Generating public/private ed25519 key pair.
[   40.332766] cloud-init[944]: Your identification has been saved in /etc/ssh/ssh_host_ed25519_key.
[   40.334965] cloud-init[944]: Your public key has been saved in /etc/ssh/ssh_host_ed25519_key.pub.
[   40.412590] cloud-init[944]: The key fingerprint is:
[   40.453162] cloud-init[944]: SHA256:BptwZVibam7Xto4vv/hE5xKktoinYRX8kQZ3VWuEbV4 root@ubuntu-xenial
[[0;32m  OK  [0m] Reached target Network is Online.
[   40.453513] cloud-init[944]: The key's randomart image is:
[   40.564903] cloud-init[944]: +--[ED25519 256]--+
         Starting iSCSI initiator daemon (iscsid)...
[   40.565937] cloud-init[944]: |      .o= ...+o  |
[   40.608799] cloud-init[944]: |     ..= =  ..o.E|
[[0;32m  OK  [0m] Listening on Socket activation for snappy daemon.
[   40.609211] cloud-init[944]: |    . = * .  oo. |
[[0;32m  OK  [0m] Listening on LXD - unix socket.[   40.704820] cloud-init[944]: |     o O +   ..  |
[   40.714156] cloud-init[944]: |      * S o .    |
[   40.718457] cloud-init[944]: |     = + + +     |
[   40.720636] cloud-init[944]: |    + = o = .    |
[   40.723771] cloud-init[944]: |   . = ..= o     |

[   40.734958] cloud-init[944]: |    .   o*B.     |
[   40.736701] cloud-init[944]: +----[SHA256]-----+
[[0;32m  OK  [0m] Reached target Sockets.
[[0;32m  OK  [0m] Reached target Basic System.
[[0;32m  OK  [0m] Started ACPI event daemon.
[[0;32m  OK  [0m] Started Regular background program processing daemon.
         Starting Pollinate to seed the pseudo random number generator...
         Starting Accounts Service...
         Starting /etc/rc.local Compatibility...
[[0;32m  OK  [0m] Started Deferred execution scheduler.
         Starting LXD - container startup/shutdown...
         Starting Virtualbox guest utils...
         Starting Login Service...
         Starting System Logging Service...
[[0;32m  OK  [0m] Started FUSE filesystem for LXC.
[[0;32m  OK  [0m] Started D-Bus System Message Bus.
         Starting LSB: MD monitoring daemon...
         Starting LSB: Record successful boot for GRUB...
         Starting Snappy daemon...
[[0;32m  OK  [0m] Started System Logging Service.
[[0;32m  OK  [0m] Started /etc/rc.local Compatibility.
[[0;32m  OK  [0m] Started iSCSI initiator daemon (iscsid).
[[0;32m  OK  [0m] Started Login Service.
[[0;32m  OK  [0m] Started Unattended Upgrades Shutdown.
         Starting Authenticate and Authorize Users to Run Privileged Tasks...
         Starting Login to default iSCSI targets...
[[0;32m  OK  [0m] Started LSB: Record successful boot for GRUB.
[[0;32m  OK  [0m] Started LSB: MD monitoring daemon.
[[0;32m  OK  [0m] Started LXD - container startup/shutdown.
[[0;32m  OK  [0m] Started Login to default iSCSI targets.
[[0;32m  OK  [0m] Reached target Remote File Systems (Pre).
[[0;32m  OK  [0m] Reached target Remote File Systems.
         Starting Permit User Sessions...
         Starting LSB: automatic crash report generation...
         Starting LSB: daemon to balance interrupts for SMP systems...
         Starting LSB: Set the CPU Frequency Scaling governor to "ondemand"...
[[0;32m  OK  [0m] Started Permit User Sessions.
[[0;32m  OK  [0m] Started Authenticate and Authorize Users to Run Privileged Tasks.
[[0;32m  OK  [0m] Started Accounts Service.
         Starting Terminate Plymouth Boot Screen...
         Starting Hold until boot process finishes up...
[[0;32m  OK  [0m] Started Hold until boot process finishes up.
[[0;32m  OK  [0m] Started Terminate Plymouth Boot Screen.
         Starting Set console scheme...
[[0;32m  OK  [0m] Started Serial Getty on ttyS0.
[[0;32m  OK  [0m] Started Getty on tty1.
[[0;32m  OK  [0m] Reached target Login Prompts.
[[0;32m  OK  [0m] Started Virtualbox guest utils.
[[0;32m  OK  [0m] Started Set console scheme.
[[0;32m  OK  [0m] Started LSB: Set the CPU Frequency Scaling governor to "ondemand".
[[0;32m  OK  [0m] Started LSB: automatic crash report generation.
[[0;32m  OK  [0m] Started LSB: daemon to balance interrupts for SMP systems.
[[0;32m  OK  [0m] Started Pollinate to seed the pseudo random number generator.
         Starting OpenBSD Secure Shell server...
[[0;32m  OK  [0m] Started OpenBSD Secure Shell server.
[[0;32m  OK  [0m] Started Snappy daemon.
         Starting Wait until snapd is fully seeded...
[[0;32m  OK  [0m] Created slice User Slice of vagrant.
         Starting User Manager for UID 1000...
[[0;32m  OK  [0m] Started Session 1 of user vagrant.
[[0;32m  OK  [0m] Started User Manager for UID 1000.
[[0;32m  OK  [0m] Started Wait until snapd is fully seeded.
         Starting Apply the settings specified in cloud-config...
[[0;32m  OK  [0m] Reached target Multi-User System.
[[0;32m  OK  [0m] Reached target Graphical Interface.
         Starting Update UTMP about System Runlevel Changes...

Ubuntu 16.04.6 LTS ubuntu-xenial ttyS0

ubuntu-xenial login: [   53.980727] cloud-init[1388]: Generating locales (this might take a while)...
[   57.272787] cloud-init[1388]:   en_US.UTF-8... done
[   57.280249] cloud-init[1388]: Generation complete.
[   58.873896] cloud-init[1388]: Cloud-init v. 19.1-1-gbaa47854-0ubuntu1~16.04.1 running 'modules:config' at Thu, 22 Aug 2019 16:54:51 +0000. Up 53.24 seconds.
ci-info: no authorized ssh keys fingerprints found for user ubuntu.
<14>Aug 22 16:54:58 ec2: 
<14>Aug 22 16:54:58 ec2: #############################################################
<14>Aug 22 16:54:58 ec2: -----BEGIN SSH HOST KEY FINGERPRINTS-----
<14>Aug 22 16:54:58 ec2: 1024 SHA256:zO8nsVhSe0w6ChHi5osa6kO7BTRQpzp6/4xDRUW2DLo root@ubuntu-xenial (DSA)
<14>Aug 22 16:54:58 ec2: 256 SHA256:FNpmiR/rHOyG/CamTJYbm2yRNsaYUxDzeSo4IbaMKN8 root@ubuntu-xenial (ECDSA)
<14>Aug 22 16:54:58 ec2: 256 SHA256:BptwZVibam7Xto4vv/hE5xKktoinYRX8kQZ3VWuEbV4 root@ubuntu-xenial (ED25519)
<14>Aug 22 16:54:58 ec2: 2048 SHA256:zB20ur9SVziK9XExa0w1UetZoGu8t7KZN66tyLVq/cQ root@ubuntu-xenial (RSA)
<14>Aug 22 16:54:58 ec2: -----END SSH HOST KEY FINGERPRINTS-----
<14>Aug 22 16:54:58 ec2: #############################################################
-----BEGIN SSH HOST KEY KEYS-----
ecdsa-sha2-nistp256 AAAAE2VjZHNhLXNoYTItbmlzdHAyNTYAAAAIbmlzdHAyNTYAAABBBFWb9/eM1+e/VoZKPUlE7NrZ2caF+nXDR+L/GVgvKOsSXdjFZsE9aDkRI3Kr8wihJQovReJ4hzOBq7nmjmkmYEM= root@ubuntu-xenial
ssh-ed25519 AAAAC3NzaC1lZDI1NTE5AAAAIP4s2eI7Yp+qKOZI5u4PDo10gXnwmHuW63XYPmmbwLaB root@ubuntu-xenial
ssh-rsa AAAAB3NzaC1yc2EAAAADAQABAAABAQCsNAG1bWaxPcrpIp5G3CT2dmOzN+4IYE3PIE1PFC+tpvMh+tQC4/KIdcUbscH+hO/+4WwNWD2rk0t/JYe07mOkvCWqrCMopU3jAWaSErsq6btEbgytZm33q4Ml+erUC3d6I1/iXxlhG/6VOQ9VSf1UsQf/AZ7S8z3DGwN7PA33Eak1/JJQmYR77I1Zfg0av2svQL44EBJEgHDjxS8a9BktssmvvjyVRPacdy3oLM7WZi1dQNRNBACBOB/lWguf4D5/w2edKO6+Da/0ushpKWZricte3tqoP99zUWoA8/JgyIQ1Yiz4NGvrBy9w3bhPoOqlrCbhkCHC7CIF86Oj1loX root@ubuntu-xenial
-----END SSH HOST KEY KEYS-----
[   60.464192] cloud-init[1515]: Cloud-init v. 19.1-1-gbaa47854-0ubuntu1~16.04.1 running 'modules:final' at Thu, 22 Aug 2019 16:54:58 +0000. Up 59.87 seconds.
[   60.466256] cloud-init[1515]: ci-info: no authorized ssh keys fingerprints found for user ubuntu.
[   60.467508] cloud-init[1515]: Cloud-init v. 19.1-1-gbaa47854-0ubuntu1~16.04.1 finished at Thu, 22 Aug 2019 16:54:58 +0000. Datasource DataSourceNoCloud [seed=/dev/sdb][dsmode=net].  Up 60.43 seconds
